// Jest Snapshot v1, https://goo.gl/fbAQLP

exports[`<MenuNavList /> renders correctly 1`] = `ShallowWrapper {}`;
