// Jest Snapshot v1, https://goo.gl/fbAQLP

exports[`<SocialListComponent /> renders correctly 1`] = `ShallowWrapper {}`;
