// Jest Snapshot v1, https://goo.gl/fbAQLP

exports[`<Logo /> renders correctly 1`] = `
<a
  className="sc-bdVaJa kYVele"
  href="https://www.google.com"
  onClick={[Function]}
  target="_blank"
>
  <span
    className="sc-bwzfXH hGubuC"
  >
    This is a button
  </span>
</a>
`;
