// Jest Snapshot v1, https://goo.gl/fbAQLP

exports[`<SidebarSlide /> renders correctly 1`] = `
<div>
  <div
    className="sc-dnqmqq hNHpNn is-closed"
  >
    Child text
  </div>
</div>
`;
