// Jest Snapshot v1, https://goo.gl/fbAQLP

exports[`<Work /> renders correctly 1`] = `
<div
  className="sc-ifAKCX kQKtwC"
>
  <div
    className="sc-bdVaJa bUDcPf"
  >
    <div
      className="sc-htpNat dzobEj"
    >
      <div
        className="sc-EHOje dzKsym"
      >
        <h1
          className="sc-bZQynM jBjNHF"
        >
          Projects
        </h1>
        <h2
          className="sc-gzVnrw cpBZxR"
        >
          A selection of my favouriteÂ work
        </h2>
      </div>
      <ProjectsGridContainer />
    </div>
  </div>
</div>
`;
