// Jest Snapshot v1, https://goo.gl/fbAQLP

exports[`<Social /> renders correctly 1`] = `
<div
  className="sc-htpNat ekPird"
>
  <a
    aria-label="Twitter"
    className="sc-bxivhb gcaUoY"
    href="path/to/social/profile"
    target="_blank"
  >
    <div
      className="sc-ifAKCX XzGje sc-bdVaJa dqBkPn"
    >
      <svg
        className="icon sc-bwzfXH kdIDyY"
      >
        <use
          xlinkHref="/icon-sprite.svg#twitter"
        />
      </svg>
    </div>
  </a>
  <a
    aria-label="Instagram"
    className="sc-bxivhb gcaUoY"
    href="path/to/social/profile"
    target="_blank"
  >
    <div
      className="sc-ifAKCX XzGje sc-bdVaJa dqBkPn"
    >
      <svg
        className="icon sc-bwzfXH kdIDyY"
      >
        <use
          xlinkHref="/icon-sprite.svg#instagram"
        />
      </svg>
    </div>
  </a>
  <a
    aria-label="Linkedin"
    className="sc-bxivhb gcaUoY"
    href="path/to/social/profile"
    target="_blank"
  >
    <div
      className="sc-ifAKCX XzGje sc-bdVaJa dqBkPn"
    >
      <svg
        className="icon sc-bwzfXH kdIDyY"
      >
        <use
          xlinkHref="/icon-sprite.svg#linkedin"
        />
      </svg>
    </div>
  </a>
  <a
    aria-label="Dribbble"
    className="sc-bxivhb gcaUoY"
    href="path/to/social/profile"
    target="_blank"
  >
    <div
      className="sc-ifAKCX XzGje sc-bdVaJa dqBkPn"
    >
      <svg
        className="icon sc-bwzfXH kdIDyY"
      >
        <use
          xlinkHref="/icon-sprite.svg#dribbble"
        />
      </svg>
    </div>
  </a>
  <a
    aria-label="Github"
    className="sc-bxivhb gcaUoY"
    href="path/to/social/profile"
    target="_blank"
  >
    <div
      className="sc-ifAKCX XzGje sc-bdVaJa dqBkPn"
    >
      <svg
        className="icon sc-bwzfXH kdIDyY"
      >
        <use
          xlinkHref="/icon-sprite.svg#github"
        />
      </svg>
    </div>
  </a>
</div>
`;
