// Jest Snapshot v1, https://goo.gl/fbAQLP

exports[`<Contents /> renders correctly 1`] = `ShallowWrapper {}`;
