// Jest Snapshot v1, https://goo.gl/fbAQLP

exports[`<Navicon /> renders correctly 1`] = `
<button
  className="sc-bdVaJa hkySjj"
  onClick={[MockFunction]}
/>
`;
