// Jest Snapshot v1, https://goo.gl/fbAQLP

exports[`<NextProject /> renders correctly 1`] = `
<div
  className="sc-bxivhb FWKFj"
>
  <div
    className="sc-bwzfXH hDOArp"
  >
    Brandwatch
  </div>
</div>
`;
