// Jest Snapshot v1, https://goo.gl/fbAQLP

exports[`<Date /> renders correctly 1`] = `ShallowWrapper {}`;
