// Jest Snapshot v1, https://goo.gl/fbAQLP

exports[`<Logo /> renders correctly 1`] = `
<test-file-stub
  className="sc-bdVaJa VYEmr"
  open={false}
/>
`;
