// Jest Snapshot v1, https://goo.gl/fbAQLP

exports[`AnotherComponent renders correctly 1`] = `
<div>
  I'm another component
</div>
`;
