// Jest Snapshot v1, https://goo.gl/fbAQLP

exports[`<Loader /> renders correctly 1`] = `
<div
  className="sc-bdVaJa eiQQZq"
>
  <div
    className="sc-bwzfXH jQJGUl"
  />
</div>
`;
