// Jest Snapshot v1, https://goo.gl/fbAQLP

exports[`<Gutter /> renders correctly 1`] = `
<div
  className="sc-bdVaJa ijMqSF"
>
  Child text
</div>
`;
