// Jest Snapshot v1, https://goo.gl/fbAQLP

exports[`MyComponent renders correctly 1`] = `
<div
  className="sc-bdVaJa fMahLU"
>
  Hello world
</div>
`;
