// Jest Snapshot v1, https://goo.gl/fbAQLP

exports[`<ThemeSwitch /> renders correctly 1`] = `
<div
  className="sc-bdVaJa GyhLv"
/>
`;
