// Jest Snapshot v1, https://goo.gl/fbAQLP

exports[`<SiteContainer /> renders correctly 1`] = `
<div
  className="sc-bdVaJa kxzpCg"
>
  Child text
</div>
`;
