// Jest Snapshot v1, https://goo.gl/fbAQLP

exports[`<Logo /> renders correctly 1`] = `
<div
  className="sc-bdVaJa fuwhFX"
>
  <div
    className="sc-bwzfXH dtqYqz"
  />
</div>
`;
