// Jest Snapshot v1, https://goo.gl/fbAQLP

exports[`<Splash /> renders correctly 1`] = `
<div
  className="sc-iwsKbI bcjQpo"
>
  <div
    className="sc-EHOje wOSEH"
  >
    <h1
      className="sc-bZQynM bAKAeH"
    >
      <test-file-stub
        className="sc-gzVnrw kzdxRF"
      />
      <span
        className="sc-htoDjs cIriUN"
      >
        Andy Hook
      </span>
      <span
        className="sc-dnqmqq iGobyL"
      >
        Interface Developer
      </span>
    </h1>
  </div>
  <div
    className="sc-gZMcBi gQGlAh"
  >
    <h2
      className="sc-gqjmRU ixFOao"
    >
      Iâ€™m busy working on something new
    </h2>
    <a
      className="sc-VigVT cCdqzR"
      href="http://www.google.com"
      target="_blank"
    >
      <span
        className="sc-jTzLTM efIpCi"
      >
        View some of my work
      </span>
    </a>
  </div>
  <div
    className="sc-fjdhpX kuTWWE sc-htpNat gXzayw"
  >
    <a
      className="sc-bxivhb hzcpoQ"
      href="http://www.google.com"
      target="_blank"
    >
      <div
        className="sc-ifAKCX XzGje sc-bdVaJa dqBkPn"
      >
        <svg
          className="icon sc-bwzfXH kdIDyY"
        >
          <use
            xlinkHref="/icon-sprite.svg#twitter"
          />
        </svg>
      </div>
    </a>
    <a
      className="sc-bxivhb hzcpoQ"
      href="http://www.google.com"
      target="_blank"
    >
      <div
        className="sc-ifAKCX XzGje sc-bdVaJa dqBkPn"
      >
        <svg
          className="icon sc-bwzfXH kdIDyY"
        >
          <use
            xlinkHref="/icon-sprite.svg#linkedin"
          />
        </svg>
      </div>
    </a>
  </div>
  <div
    className="sc-jzJRlG Swnsk"
  >
    <div
      className="sc-cSHVUG hpBCYf"
    />
    <test-file-stub
      className="sc-kAzzGY gfrgQr"
    />
  </div>
</div>
`;
