// Jest Snapshot v1, https://goo.gl/fbAQLP

exports[`<Topbar /> renders correctly 1`] = `ShallowWrapper {}`;
