// Jest Snapshot v1, https://goo.gl/fbAQLP

exports[`<Playground /> renders correctly 1`] = `
<div
  className="sc-EHOje PRAcs"
>
  <div
    className="sc-bdVaJa bUDcPf"
  >
    This is the playground page
  </div>
  <footer
    className="sc-ifAKCX hSmABr"
  >
    <div
      className="sc-bdVaJa bUDcPf"
    >
      <div
        className="sc-htpNat dzobEj"
      >
        I am a footer
      </div>
    </div>
  </footer>
</div>
`;
