// Jest Snapshot v1, https://goo.gl/fbAQLP

exports[`<SplitText /> renders correctly 1`] = `ShallowWrapper {}`;
